------------------------------------------------------------
Timing Analyzer Summary
------------------------------------------------------------

Type  : Slow 1200mV 85C Model Setup 'MAX10_CLK1_50'
Slack : 6.315
TNS   : 0.000

Type  : Slow 1200mV 85C Model Setup 'u0|sdram_pll|sd1|pll7|clk[0]'
Slack : 8.017
TNS   : 0.000

Type  : Slow 1200mV 85C Model Setup 'altera_reserved_tck'
Slack : 45.863
TNS   : 0.000

Type  : Slow 1200mV 85C Model Hold 'MAX10_CLK1_50'
Slack : 0.242
TNS   : 0.000

Type  : Slow 1200mV 85C Model Hold 'altera_reserved_tck'
Slack : 0.340
TNS   : 0.000

Type  : Slow 1200mV 85C Model Hold 'u0|sdram_pll|sd1|pll7|clk[0]'
Slack : 0.341
TNS   : 0.000

Type  : Slow 1200mV 85C Model Recovery 'u0|sdram_pll|sd1|pll7|clk[0]'
Slack : 14.668
TNS   : 0.000

Type  : Slow 1200mV 85C Model Recovery 'MAX10_CLK1_50'
Slack : 14.796
TNS   : 0.000

Type  : Slow 1200mV 85C Model Recovery 'altera_reserved_tck'
Slack : 48.008
TNS   : 0.000

Type  : Slow 1200mV 85C Model Removal 'altera_reserved_tck'
Slack : 1.329
TNS   : 0.000

Type  : Slow 1200mV 85C Model Removal 'u0|sdram_pll|sd1|pll7|clk[0]'
Slack : 3.203
TNS   : 0.000

Type  : Slow 1200mV 85C Model Removal 'MAX10_CLK1_50'
Slack : 3.664
TNS   : 0.000

Type  : Slow 1200mV 85C Model Minimum Pulse Width 'MAX10_CLK1_50'
Slack : 9.498
TNS   : 0.000

Type  : Slow 1200mV 85C Model Minimum Pulse Width 'u0|sdram_pll|sd1|pll7|clk[0]'
Slack : 9.708
TNS   : 0.000

Type  : Slow 1200mV 85C Model Minimum Pulse Width 'MAX10_CLK2_50'
Slack : 16.000
TNS   : 0.000

Type  : Slow 1200mV 85C Model Minimum Pulse Width 'altera_reserved_tck'
Slack : 49.617
TNS   : 0.000

Type  : Slow 1200mV 85C Model Minimum Pulse Width 'ADC_CLK_10'
Slack : 96.000
TNS   : 0.000

Type  : Slow 1200mV 0C Model Setup 'MAX10_CLK1_50'
Slack : 7.351
TNS   : 0.000

Type  : Slow 1200mV 0C Model Setup 'u0|sdram_pll|sd1|pll7|clk[0]'
Slack : 8.897
TNS   : 0.000

Type  : Slow 1200mV 0C Model Setup 'altera_reserved_tck'
Slack : 46.178
TNS   : 0.000

Type  : Slow 1200mV 0C Model Hold 'MAX10_CLK1_50'
Slack : 0.241
TNS   : 0.000

Type  : Slow 1200mV 0C Model Hold 'altera_reserved_tck'
Slack : 0.305
TNS   : 0.000

Type  : Slow 1200mV 0C Model Hold 'u0|sdram_pll|sd1|pll7|clk[0]'
Slack : 0.306
TNS   : 0.000

Type  : Slow 1200mV 0C Model Recovery 'u0|sdram_pll|sd1|pll7|clk[0]'
Slack : 15.171
TNS   : 0.000

Type  : Slow 1200mV 0C Model Recovery 'MAX10_CLK1_50'
Slack : 15.308
TNS   : 0.000

Type  : Slow 1200mV 0C Model Recovery 'altera_reserved_tck'
Slack : 48.182
TNS   : 0.000

Type  : Slow 1200mV 0C Model Removal 'altera_reserved_tck'
Slack : 1.236
TNS   : 0.000

Type  : Slow 1200mV 0C Model Removal 'u0|sdram_pll|sd1|pll7|clk[0]'
Slack : 2.891
TNS   : 0.000

Type  : Slow 1200mV 0C Model Removal 'MAX10_CLK1_50'
Slack : 3.360
TNS   : 0.000

Type  : Slow 1200mV 0C Model Minimum Pulse Width 'MAX10_CLK1_50'
Slack : 9.512
TNS   : 0.000

Type  : Slow 1200mV 0C Model Minimum Pulse Width 'u0|sdram_pll|sd1|pll7|clk[0]'
Slack : 9.689
TNS   : 0.000

Type  : Slow 1200mV 0C Model Minimum Pulse Width 'MAX10_CLK2_50'
Slack : 16.000
TNS   : 0.000

Type  : Slow 1200mV 0C Model Minimum Pulse Width 'altera_reserved_tck'
Slack : 49.642
TNS   : 0.000

Type  : Slow 1200mV 0C Model Minimum Pulse Width 'ADC_CLK_10'
Slack : 96.000
TNS   : 0.000

Type  : Fast 1200mV 0C Model Setup 'MAX10_CLK1_50'
Slack : 14.109
TNS   : 0.000

Type  : Fast 1200mV 0C Model Setup 'u0|sdram_pll|sd1|pll7|clk[0]'
Slack : 14.577
TNS   : 0.000

Type  : Fast 1200mV 0C Model Setup 'altera_reserved_tck'
Slack : 48.419
TNS   : 0.000

Type  : Fast 1200mV 0C Model Hold 'MAX10_CLK1_50'
Slack : 0.089
TNS   : 0.000

Type  : Fast 1200mV 0C Model Hold 'altera_reserved_tck'
Slack : 0.147
TNS   : 0.000

Type  : Fast 1200mV 0C Model Hold 'u0|sdram_pll|sd1|pll7|clk[0]'
Slack : 0.148
TNS   : 0.000

Type  : Fast 1200mV 0C Model Recovery 'MAX10_CLK1_50'
Slack : 17.380
TNS   : 0.000

Type  : Fast 1200mV 0C Model Recovery 'u0|sdram_pll|sd1|pll7|clk[0]'
Slack : 17.487
TNS   : 0.000

Type  : Fast 1200mV 0C Model Recovery 'altera_reserved_tck'
Slack : 49.324
TNS   : 0.000

Type  : Fast 1200mV 0C Model Removal 'altera_reserved_tck'
Slack : 0.579
TNS   : 0.000

Type  : Fast 1200mV 0C Model Removal 'u0|sdram_pll|sd1|pll7|clk[0]'
Slack : 1.543
TNS   : 0.000

Type  : Fast 1200mV 0C Model Removal 'MAX10_CLK1_50'
Slack : 1.812
TNS   : 0.000

Type  : Fast 1200mV 0C Model Minimum Pulse Width 'MAX10_CLK1_50'
Slack : 9.194
TNS   : 0.000

Type  : Fast 1200mV 0C Model Minimum Pulse Width 'u0|sdram_pll|sd1|pll7|clk[0]'
Slack : 9.720
TNS   : 0.000

Type  : Fast 1200mV 0C Model Minimum Pulse Width 'MAX10_CLK2_50'
Slack : 16.000
TNS   : 0.000

Type  : Fast 1200mV 0C Model Minimum Pulse Width 'altera_reserved_tck'
Slack : 49.421
TNS   : 0.000

Type  : Fast 1200mV 0C Model Minimum Pulse Width 'ADC_CLK_10'
Slack : 96.000
TNS   : 0.000

------------------------------------------------------------
